[INFO] Scanning for projects...
[INFO] 
[INFO] ---------------------< pe.edu.idat:biblioteca-api >---------------------
[INFO] Building biblioteca-api 1.0.0
[INFO]   from pom.xml
[INFO] --------------------------------[ jar ]---------------------------------
[INFO] 
[INFO] --- clean:3.4.1:clean (default-clean) @ biblioteca-api ---
[INFO] Deleting C:\Users\USER\Downloads\JavaF\target
[INFO] 
[INFO] --- resources:3.3.1:resources (default-resources) @ biblioteca-api ---
[INFO] Copying 1 resource from src\main\resources to target\classes
[INFO] Copying 1 resource from src\main\resources to target\classes
[INFO] 
[INFO] --- compiler:3.14.1:compile (default-compile) @ biblioteca-api ---
[INFO] Recompiling the module because of changed source code.
[INFO] Compiling 53 source files with javac [debug parameters release 21] to target\classes
[INFO] Annotation processing is enabled because one or more processors were found
  on the class path. A future release of javac may disable annotation processing
  unless at least one processor is specified by name (-processor), or a search
  path is specified (--processor-path, --processor-module-path), or annotation
  processing is enabled explicitly (-proc:only, -proc:full).
  Use -Xlint:-options to suppress this message.
  Use -proc:none to disable annotation processing.
[INFO] /C:/Users/USER/Downloads/JavaF/src/main/java/pe/edu/idat/biblioteca/config/SecurityConfig.java: C:\Users\USER\Downloads\JavaF\src\main\java\pe\edu\idat\biblioteca\config\SecurityConfig.java uses or overrides a deprecated API.
[INFO] /C:/Users/USER/Downloads/JavaF/src/main/java/pe/edu/idat/biblioteca/config/SecurityConfig.java: Recompile with -Xlint:deprecation for details.
[INFO] ------------------------------------------------------------------------
[INFO] BUILD SUCCESS
[INFO] ------------------------------------------------------------------------
[INFO] Total time:  3.588 s
[INFO] Finished at: 2026-04-04T18:07:12-05:00
[INFO] ------------------------------------------------------------------------
